
> client@0.0.0 build
> vite build

[36mvite v7.3.1 [32mbuilding client environment for production...[36m[39m
transforming...
[32mΓ£ô[39m 3 modules transformed.
node.exe : [31mΓ£ù[39m Build failed in 227ms
At C:\Program Files\nodejs\npm.ps1:29 char:3
+   & $NODE_EXE $NPM_CLI_JS $args
+   ~~~~~~~~~~~~~~~~~~~~~~~~~~~~~
    + CategoryInfo          : NotSpecified: ([31 
   mΓ£ù[39m Build failed in 227ms:String) [], R  
  emoteException
    + FullyQualifiedErrorId : NativeCommandError
 
[31merror during build:
[31m[vite:css] Failed to load PostCSS config 
(searchPath: 
D:/Rakesh/Hackathon/bridgeminds/client): [Error] 
Loading PostCSS Plugin failed: Cannot find module 
'tailwindcss'
Require stack:
- D:\Rakesh\Hackathon\bridgeminds\client\postcss.c
onfig.js

(@D:\Rakesh\Hackathon\bridgeminds\client\postcss.c
onfig.js)
Error: Loading PostCSS Plugin failed: Cannot find 
module 'tailwindcss'
Require stack:
- D:\Rakesh\Hackathon\bridgeminds\client\postcss.c
onfig.js

(@D:\Rakesh\Hackathon\bridgeminds\client\postcss.c
onfig.js)
    at load (file:///D:/Rakesh/Hackathon/bridgemin
ds/client/node_modules/vite/dist/node/chunks/confi
g.js:7660:10)
    at async Promise.all (index 0)
    at async plugins (file:///D:/Rakesh/Hackathon/
bridgeminds/client/node_modules/vite/dist/node/chu
nks/config.js:7682:11)
    at async processResult (file:///D:/Rakesh/Hack
athon/bridgeminds/client/node_modules/vite/dist/no
de/chunks/config.js:7721:13)[31m
file: [36mD:/Rakesh/Hackathon/bridgeminds/client/
src/index.css[31m
[39m
